// Jest Snapshot v1, https://goo.gl/fbAQLP

exports[`<FestivalData /> renders a button and a bash count 1`] = `ShallowWrapper {}`;
